Running 2 items in this shard
F
=================================== FAILURES ===================================
__________ test_counts_and_packing_match_cpu_oracle[mixed-dtype0-136] __________

routes = 136, dtype = torch.int32, routing = 'mixed'

    @pytest.mark.parametrize("routes", [0, 1, 8, 136, 1023, 1024, 1025, 4104])
    @pytest.mark.parametrize("dtype", [torch.int32, torch.int64])
    @pytest.mark.parametrize("routing", ["mixed", "first", "last"])
    def test_counts_and_packing_match_cpu_oracle(routes, dtype, routing):
        from kernel.align_moe_backward import _count_routes, _route_map
    
        experts = 128
        # Include empty experts, highly skewed routing, and both histogram endpoints.
        if routing == "mixed":
            ids_cpu = ((torch.arange(routes) * 37 + 127) % experts).to(dtype)
        else:
            ids_cpu = torch.full((routes,), 0 if routing == "first" else 127, dtype=dtype)
        ids = ids_cpu.cuda()
        expected_counts = torch.bincount(ids_cpu.long(), minlength=experts)
        counts = torch.zeros(experts, device="cuda", dtype=torch.int32)
        _count_routes[(max(1, triton.cdiv(routes, 1024)),)](
            ids, counts, routes, experts, BLOCK=1024
        )
        # Checking before launching _route_map makes the original bug fail with
        # a useful assertion instead of poisoning the process's CUDA context.
        actual_counts = counts.cpu().long()
>       assert torch.equal(actual_counts, expected_counts)
E       assert False
E        +  where False = <built-in method equal of type object at 0x781a759e5120>(tensor([889,   1,   2,   1,   1,   1,   1,   1,   1,   1,   1,   1,   1,   1,\n          1,   1,   1,   1,   1,   2,   ...1,   1,   1,   2,   1,\n          1,   1,   1,   1,   1,   1,   1,   1,   1,   1,   1,   1,   1,   1,\n          1,   2]), tensor([1, 1, 2, 1, 1, 1, 1, 1, 1, 1, 1, 1, 1, 1, 1, 1, 1, 1, 1, 2, 1, 1, 1, 1,\n        1, 1, 1, 1, 1, 1, 1, 1, 1, 1, ... 1, 1,\n        1, 1, 1, 1, 1, 1, 1, 1, 1, 1, 1, 1, 1, 1, 2, 1, 1, 1, 1, 1, 1, 1, 1, 1,\n        1, 1, 1, 1, 1, 1, 1, 2]))
E        +    where <built-in method equal of type object at 0x781a759e5120> = torch.equal

tests/test_align_moe_route_map.py:37: AssertionError
- generated xml file: /data/align-backward-fix-20260908/cases/baseline-triton371-regression-negative/junit.xml -
=========================== short test summary info ============================
FAILED tests/test_align_moe_route_map.py::test_counts_and_packing_match_cpu_oracle[mixed-dtype0-136]
!!!!!!!!!!!!!!!!!!!!!!!!!! stopping after 1 failures !!!!!!!!!!!!!!!!!!!!!!!!!!!
1 failed, 46 deselected in 1.52s
